		ORG 4009
4009:00		DEFB of 1 bytes
400A:0000	DEFW of 1 words
400C:A743	DEFW of 1 words
400E:A843	DEFW of 1 words
4010:C043	DEFW of 1 words
4012:0000	DEFW of 1 words
4014:C143	DEFW of 1 words
4016:C043	DEFW of 1 words
4018:0000	DEFW of 1 words
401A:C143	DEFW of 1 words
401C:C143	DEFW of 1 words
401E:00		DEFB of 1 bytes
401F:5D40	DEFW of 1 words
4021:00		DEFB of 1 bytes
4022:02		DEFB of 1 bytes
4023:0100	DEFW of 1 words
4025:FFFFFF	DEFB of 3 bytes
4028:37		DEFB of 1 bytes
4029:9643	DEFW of 1 words
402B:0000	DEFW of 1 words
402D:00		DEFB of 1 bytes
402E:0000	DEFW of 1 words
4030:8D0C	DEFW of 1 words
4032:0000	DEFW of 1 words
4034:FFFF	DEFW of 1 words
4036:0000	DEFB of 2 bytes
4038:BC		DEFB of 1 bytes
4039:2118	DEFB of 2 bytes
403B:40		DEFB of 1 bytes
membot		EQU 405D
403C:		label playnote
switch1		EQU 403D
403C:ED79	OUT (C), A
base1		EQU 403F
403E:210000	LD HL, 0000
4041:19		ADD HL, DE
4042:EB		EX DE, HL
4043:3009	JR NC, 404E
4045:213D40	LD HL, 403D
4048:7E		LD A, (HL)
4049:A8		XOR B
404A:77		LD (HL), A
404B:79		LD A, C
404C:A8		XOR B
404D:4F		LD C, A
404E:		label skip1
404E:D9		EXX
switch2		EQU 4050
404F:ED79	OUT (C), A
base2		EQU 4052
4051:210000	LD HL, 0000
4054:39		ADD HL, SP
4055:F9		LD SP, HL
4056:3009	JR NC, 4061
4058:08		EX AF, AF'
4059:A8		XOR B
405A:325040	LD (4050), A
405D:08		EX AF, AF'
405E:79		LD A, C
405F:A8		XOR B
4060:4F		LD C, A
4061:		label skip2
4061:1B		DEC DE
4062:7A		LD A, D
4063:B3		OR E
4064:D9		EXX
4065:20D5	JR NZ, 403C
oldSP		EQU 4068
4067:310000	LD SP, 0000
406A:1839	JR 40A5
406C:		label reinit
406C:212C41	LD HL, 412C
406F:E5		PUSH HL
4070:		label selectptn
4070:E1		POP HL
4071:5E		LD E, (HL)
4072:23		INC HL
4073:56		LD D, (HL)
4074:23		INC HL
4075:7A		LD A, D
4076:B3		OR E
4077:28F3	JR Z, 406C
4079:E5		PUSH HL
407A:D5		PUSH DE
407B:1828	JR 40A5
407D:		label line0
407D:0000	DEFB of 2 bytes
407F:1503	DEFW of 1 words
4081:EA		DEFB of 1 bytes
4082:		label init
4082:F3		DI
4083:D3FD	OUT (FD), A
4085:		label unpackNT
4085:217E43	LD HL, 437E
4088:119643	LD DE, 4396
408B:0E03	LD C, 03
408D:		label dividelp0
408D:060C	LD B, 0C
408F:		label dividelp
408F:B7		OR A
4090:7E		LD A, (HL)
4091:17		RLA
4092:12		LD (DE), A
4093:2C		INC L
4094:1C		INC E
4095:7E		LD A, (HL)
4096:17		RLA
4097:12		LD (DE), A
4098:2C		INC L
4099:1C		INC E
409A:10F3	DJNZ 408F
409C:0D		DEC C
409D:20EE	JR NZ, 408D
409F:AF		XOR A
40A0:12		LD (DE), A
40A1:1C		INC E
40A2:12		LD (DE), A
40A3:18C7	JR 406C
40A5:		label rdnotes
40A5:D1		POP DE
40A6:1A		LD A, (DE)
40A7:B7		OR A
40A8:28C6	JR Z, 4070
40AA:217C43	LD HL, 437C
40AD:17		RLA
40AE:D9		EXX
40AF:11000C	LD DE, 0C00
40B2:3002	JR NC, 40B6
40B4:CB22	SLA D
40B6:		label rdskip1
40B6:D9		EXX
40B7:85		ADD A, L
40B8:6F		LD L, A
40B9:7E		LD A, (HL)
40BA:323F40	LD (403F), A
40BD:2C		INC L
40BE:7E		LD A, (HL)
40BF:324040	LD (4040), A
40C2:13		INC DE
40C3:1A		LD A, (DE)
40C4:17		RLA
40C5:DCF040	CALL C, 40F0
40C8:2E7C	LD L, 7C
40CA:85		ADD A, L
40CB:6F		LD L, A
40CC:7E		LD A, (HL)
40CD:325240	LD (4052), A
40D0:2C		INC L
40D1:7E		LD A, (HL)
40D2:325340	LD (4053), A
40D5:13		INC DE
40D6:D5		PUSH DE
40D7:ED736840	LD (4068), SP
40DB:3E79	LD A, 79
40DD:323D40	LD (403D), A
40E0:325040	LD (4050), A
40E3:01FF01	LD BC, 01FF
40E6:C5		PUSH BC
40E7:D9		EXX
40E8:C1		POP BC
40E9:D9		EXX
40EA:3E79	LD A, 79
40EC:08		EX AF, AF'
40ED:C33C40	JP 403C
40F0:		label drum
40F0:D9		EXX
40F1:CB7F	BIT 7, A
40F3:201E	JR NZ, 4113
40F5:08		EX AF, AF'
40F6:210000	LD HL, 0000
40F9:018003	LD BC, 0380
40FC:		label drlp1
40FC:7E		LD A, (HL)
40FD:23		INC HL
40FE:1F		RRA
40FF:D3FF	OUT (FF), A
4101:3002	JR NC, 4105
4103:DBFE	IN A, (FE)
4105:		label drskip1
4105:0B		DEC BC
4106:78		LD A, B
4107:B1		OR C
4108:20F2	JR NZ, 40FC
410A:		label drumret
410A:15		DEC D
410B:15		DEC D
410C:1E80	LD E, 80
410E:D9		EXX
410F:08		EX AF, AF'
4110:E67F	AND 7F
4112:C9		RET
4113:		label drum2
4113:08		EX AF, AF'
4114:0601	LD B, 01
4116:		label drlp2
4116:78		LD A, B
4117:		label drwlp2
4117:D3FF	OUT (FF), A
4119:E5		PUSH HL
411A:E1		POP HL
411B:3D		DEC A
411C:20F9	JR NZ, 4117
411E:48		LD C, B
411F:		label drwlp3
411F:DBFE	IN A, (FE)
4121:E5		PUSH HL
4122:E1		POP HL
4123:0D		DEC C
4124:20F9	JR NZ, 411F
4126:CB30	SLL B
4128:30EC	JR NC, 4116
412A:18DE	JR 410A
412C:		label musicdata
		INCLUDE music.asm
speed		EQU 0C00
412C:		label seq
412C:4041	DEFW of 1 words
412E:4041	DEFW of 1 words
4130:8141	DEFW of 1 words
4132:4041	DEFW of 1 words
4134:C241	DEFW of 1 words
4136:E341	DEFW of 1 words
4138:2442	DEFW of 1 words
413A:4041	DEFW of 1 words
413C:6542	DEFW of 1 words
413E:0000	DEFW of 1 words
4140:		label pattern0
4140:18D8	DEFB of 2 bytes
4142:1C31	DEFB of 2 bytes
4144:1F31	DEFB of 2 bytes
4146:23B1	DEFB of 2 bytes
4148:18D8	DEFB of 2 bytes
414A:1C31	DEFB of 2 bytes
414C:1F31	DEFB of 2 bytes
414E:23B1	DEFB of 2 bytes
4150:15D5	DEFB of 2 bytes
4152:1831	DEFB of 2 bytes
4154:1C31	DEFB of 2 bytes
4156:1FB1	DEFB of 2 bytes
4158:15D5	DEFB of 2 bytes
415A:1831	DEFB of 2 bytes
415C:1C31	DEFB of 2 bytes
415E:1FB1	DEFB of 2 bytes
4160:1DDD	DEFB of 2 bytes
4162:2131	DEFB of 2 bytes
4164:2431	DEFB of 2 bytes
4166:28B1	DEFB of 2 bytes
4168:1DDD	DEFB of 2 bytes
416A:2131	DEFB of 2 bytes
416C:2431	DEFB of 2 bytes
416E:28B1	DEFB of 2 bytes
4170:13D3	DEFB of 2 bytes
4172:1731	DEFB of 2 bytes
4174:1A31	DEFB of 2 bytes
4176:1DB1	DEFB of 2 bytes
4178:13D3	DEFB of 2 bytes
417A:1731	DEFB of 2 bytes
417C:1A31	DEFB of 2 bytes
417E:1DB1	DEFB of 2 bytes
4180:00		DEFB of 1 bytes
4181:		label pattern1
4181:18D8	DEFB of 2 bytes
4183:1B31	DEFB of 2 bytes
4185:1F31	DEFB of 2 bytes
4187:24B1	DEFB of 2 bytes
4189:18D8	DEFB of 2 bytes
418B:1B31	DEFB of 2 bytes
418D:1F31	DEFB of 2 bytes
418F:24B1	DEFB of 2 bytes
4191:16D6	DEFB of 2 bytes
4193:1A31	DEFB of 2 bytes
4195:1D31	DEFB of 2 bytes
4197:22B1	DEFB of 2 bytes
4199:16D6	DEFB of 2 bytes
419B:1A31	DEFB of 2 bytes
419D:1D31	DEFB of 2 bytes
419F:22B1	DEFB of 2 bytes
41A1:1DDD	DEFB of 2 bytes
41A3:2031	DEFB of 2 bytes
41A5:2431	DEFB of 2 bytes
41A7:27B1	DEFB of 2 bytes
41A9:1DDD	DEFB of 2 bytes
41AB:2031	DEFB of 2 bytes
41AD:2431	DEFB of 2 bytes
41AF:27B1	DEFB of 2 bytes
41B1:13D3	DEFB of 2 bytes
41B3:1631	DEFB of 2 bytes
41B5:1A31	DEFB of 2 bytes
41B7:1FB1	DEFB of 2 bytes
41B9:13D3	DEFB of 2 bytes
41BB:1631	DEFB of 2 bytes
41BD:1A31	DEFB of 2 bytes
41BF:1FB1	DEFB of 2 bytes
41C1:00		DEFB of 1 bytes
41C2:		label pattern2
41C2:98D8	DEFB of 2 bytes
41C4:3124	DEFB of 2 bytes
41C6:1331	DEFB of 2 bytes
41C8:31A7	DEFB of 2 bytes
41CA:15D5	DEFB of 2 bytes
41CC:3124	DEFB of 2 bytes
41CE:1131	DEFB of 2 bytes
41D0:319F	DEFB of 2 bytes
41D2:1ADA	DEFB of 2 bytes
41D4:3122	DEFB of 2 bytes
41D6:1331	DEFB of 2 bytes
41D8:31A6	DEFB of 2 bytes
41DA:18D8	DEFB of 2 bytes
41DC:3124	DEFB of 2 bytes
41DE:1331	DEFB of 2 bytes
41E0:31AB	DEFB of 2 bytes
41E2:00		DEFB of 1 bytes
41E3:		label pattern3
41E3:18D8	DEFB of 2 bytes
41E5:1C24	DEFB of 2 bytes
41E7:1F2B	DEFB of 2 bytes
41E9:23B1	DEFB of 2 bytes
41EB:1ADA	DEFB of 2 bytes
41ED:1D26	DEFB of 2 bytes
41EF:212D	DEFB of 2 bytes
41F1:24B1	DEFB of 2 bytes
41F3:1CDC	DEFB of 2 bytes
41F5:1F28	DEFB of 2 bytes
41F7:232F	DEFB of 2 bytes
41F9:26B1	DEFB of 2 bytes
41FB:1DDD	DEFB of 2 bytes
41FD:2129	DEFB of 2 bytes
41FF:242D	DEFB of 2 bytes
4201:28B1	DEFB of 2 bytes
4203:18D8	DEFB of 2 bytes
4205:1C24	DEFB of 2 bytes
4207:1F2B	DEFB of 2 bytes
4209:23B1	DEFB of 2 bytes
420B:1ADA	DEFB of 2 bytes
420D:1D26	DEFB of 2 bytes
420F:212D	DEFB of 2 bytes
4211:24B1	DEFB of 2 bytes
4213:1CDC	DEFB of 2 bytes
4215:1F28	DEFB of 2 bytes
4217:232F	DEFB of 2 bytes
4219:26B1	DEFB of 2 bytes
421B:1DDD	DEFB of 2 bytes
421D:2129	DEFB of 2 bytes
421F:242D	DEFB of 2 bytes
4221:28B1	DEFB of 2 bytes
4223:00		DEFB of 1 bytes
4224:		label pattern4
4224:18E4	DEFB of 2 bytes
4226:1C2B	DEFB of 2 bytes
4228:1FAF	DEFB of 2 bytes
422A:2328	DEFB of 2 bytes
422C:15E1	DEFB of 2 bytes
422E:1828	DEFB of 2 bytes
4230:1CAD	DEFB of 2 bytes
4232:1F24	DEFB of 2 bytes
4234:1DE9	DEFB of 2 bytes
4236:212D	DEFB of 2 bytes
4238:24B0	DEFB of 2 bytes
423A:2829	DEFB of 2 bytes
423C:13E6	DEFB of 2 bytes
423E:172B	DEFB of 2 bytes
4240:1AAF	DEFB of 2 bytes
4242:1D26	DEFB of 2 bytes
4244:18E4	DEFB of 2 bytes
4246:1C2B	DEFB of 2 bytes
4248:1FAF	DEFB of 2 bytes
424A:2328	DEFB of 2 bytes
424C:15E1	DEFB of 2 bytes
424E:1828	DEFB of 2 bytes
4250:1CAD	DEFB of 2 bytes
4252:1F24	DEFB of 2 bytes
4254:1DE9	DEFB of 2 bytes
4256:212D	DEFB of 2 bytes
4258:24B0	DEFB of 2 bytes
425A:2829	DEFB of 2 bytes
425C:13E6	DEFB of 2 bytes
425E:172B	DEFB of 2 bytes
4260:1AAF	DEFB of 2 bytes
4262:1D26	DEFB of 2 bytes
4264:00		DEFB of 1 bytes
4265:		label pattern5
4265:18D8	DEFB of 2 bytes
4267:1CE4	DEFB of 2 bytes
4269:1FEB	DEFB of 2 bytes
426B:23AF	DEFB of 2 bytes
426D:15D5	DEFB of 2 bytes
426F:18E1	DEFB of 2 bytes
4271:1CE8	DEFB of 2 bytes
4273:1FAD	DEFB of 2 bytes
4275:1DDD	DEFB of 2 bytes
4277:21E9	DEFB of 2 bytes
4279:24ED	DEFB of 2 bytes
427B:28B0	DEFB of 2 bytes
427D:13D3	DEFB of 2 bytes
427F:17E6	DEFB of 2 bytes
4281:1AEB	DEFB of 2 bytes
4283:1DAF	DEFB of 2 bytes
4285:18D8	DEFB of 2 bytes
4287:1CE4	DEFB of 2 bytes
4289:1FEB	DEFB of 2 bytes
428B:23AF	DEFB of 2 bytes
428D:15D5	DEFB of 2 bytes
428F:18E1	DEFB of 2 bytes
4291:1CE8	DEFB of 2 bytes
4293:1FAD	DEFB of 2 bytes
4295:1DDD	DEFB of 2 bytes
4297:21E9	DEFB of 2 bytes
4299:24ED	DEFB of 2 bytes
429B:28B0	DEFB of 2 bytes
429D:13D3	DEFB of 2 bytes
429F:17E6	DEFB of 2 bytes
42A1:1AEB	DEFB of 2 bytes
42A3:1DAF	DEFB of 2 bytes
42A5:00		DEFB of 1 bytes
		End of INCLUDE
42A6:		label musicend
		ORG 437E
437E:		label notetab
437E:00010F01	DEFW of 12 words
4382:1F013001
4386:43015601
438A:6A018001
438E:9601AF01
4392:C801E301
4396:		label line10
4396:000A	DEFB of 2 bytes
4398:0D00	DEFW of 1 words
439A:F5		DEFB of 1 bytes
439B:D4		DEFB of 1 bytes
439C:1D		DEFB of 1 bytes
439D:22		DEFB of 1 bytes
439E:21		DEFB of 1 bytes
439F:1D		DEFB of 1 bytes
43A0:20		DEFB of 1 bytes
43A1:7E		DEFB of 1 bytes
43A2:8F		DEFB of 1 bytes
43A3:01		DEFB of 1 bytes
43A4:04		DEFB of 1 bytes
43A5:00		DEFB of 1 bytes
43A6:00		DEFB of 1 bytes
43A7:		label dfile
43A7:76		DEFB of 1 bytes
43A8:76767676	DEFB of 8 bytes
43AC:76767676
43B0:76767676	DEFB of 8 bytes
43B4:76767676
43B8:76767676	DEFB of 8 bytes
43BC:76767676
43C0:		label var
43C0:80		DEFB of 1 bytes
43C1:		label last
		IF (false)
- .warning music data too large
		ENDIF
Emiting raw binary from 4009 to 43C0
